Traceback (most recent call last):
  File "E:\ALL_CODE\my-project\tests\verify_flow_parity.py", line 215, in run_realtime_flow
    cur.execute("""
psycopg2.errors.InvalidColumnReference: for SELECT DISTINCT, ORDER BY expressions must appear in select list
LINE 5:                     ORDER BY timestamp DESC
                                     ^

✅ Database Connected!
ℹ️ ================================================================================
ℹ️ FLOW PARITY VERIFICATION TEST
ℹ️ Video: temp_videos/CAM-01_CAM-01_CAM-01_CAM-01_CAM-01_UNKNOWN_testvideo.mp4
ℹ️ API URL: http://localhost:8000
ℹ️ ================================================================================
ℹ️ Clearing previous test data...
✅ Cleared 0 detections and 0 videos
ℹ️ ============================================================
ℹ️ RUNNING UPLOAD FLOW
ℹ️ ============================================================
ℹ️ Uploading video: temp_videos/CAM-01_CAM-01_CAM-01_CAM-01_CAM-01_UNKNOWN_testvideo.mp4
✅ Upload started. Video ID: 94
ℹ️ Waiting for processing to complete...
ℹ️   Status: processing (5s elapsed)
ℹ️   Status: processing (10s elapsed)
ℹ️   Status: processing (15s elapsed)
ℹ️   Status: completed (20s elapsed)
✅ Processing completed!
ℹ️ Collecting data for camera_id=test_upload_001, video_id=94
ℹ️ Collected 16 detections, 2 unique tracks
ℹ️ ============================================================
ℹ️ RUNNING REALTIME FLOW
ℹ️ ============================================================
ℹ️ Uploading temp video: temp_videos/CAM-01_CAM-01_CAM-01_CAM-01_CAM-01_UNKNOWN_testvideo.mp4
✅ Temp video uploaded: E:\ALL_CODE\my-project\temp_realtime\temp_cc78fe55a191_CAM-01_CAM-01_CAM-01_CAM-01_CAM-01_UNKNOWN_testvideo.mp4
ℹ️ Video info: 342 frames, 30.00 fps, ~11.4s
ℹ️ Starting stream analysis with save_to_db=true...
ℹ️ Consuming stream...
ℹ️   Consumed 100 frames...
ℹ️   Consumed 200 frames...
ℹ️   Consumed 300 frames...
ℹ️   Consumed 400 frames...
ℹ️   Consumed 500 frames...
ℹ️   Consumed 600 frames...
ℹ️   Consumed 700 frames...
ℹ️   Consumed 800 frames...
ℹ️   Consumed 900 frames...
ℹ️   Consumed 1000 frames...
ℹ️   Consumed 1100 frames...
ℹ️   Consumed 1200 frames...
ℹ️   Consumed 1300 frames...
ℹ️   Consumed 1400 frames...
ℹ️   Consumed 1500 frames...
ℹ️   Consumed 1600 frames...
ℹ️   Consumed 1700 frames...
ℹ️   Consumed 1800 frames...
ℹ️   Consumed 1900 frames...
ℹ️   Consumed 2000 frames...
ℹ️   Consumed 2100 frames...
ℹ️   Consumed 2200 frames...
ℹ️   Consumed 2300 frames...
ℹ️   Consumed 2400 frames...
ℹ️   Consumed 2500 frames...
ℹ️   Consumed 2600 frames...
ℹ️   Consumed 2700 frames...
ℹ️   Consumed 2800 frames...
ℹ️   Consumed 2900 frames...
ℹ️   Consumed 3000 frames...
ℹ️   Consumed 3100 frames...
ℹ️   Consumed 3200 frames...
ℹ️   Consumed 3300 frames...
ℹ️   Consumed 3400 frames...
ℹ️   Consumed 3500 frames...
ℹ️   Consumed 3600 frames...
ℹ️   Consumed 3700 frames...
✅ Stream completed. Consumed ~3788 MJPEG frames
ℹ️ Waiting for database writes to complete...
❌ Realtime flow error: for SELECT DISTINCT, ORDER BY expressions must appear in select list
LINE 5:                     ORDER BY timestamp DESC
                                     ^

❌ Realtime flow failed!
